
> react-typescript-starter@0.1.0 test
> react-scripts test --coverage

PASS src/tests/AdminList.test.tsx
  ● Console

    console.error
      Warning: ReactDOM.render is no longer supported in React 18. Use createRoot instead. Until you switch to the new API, your app will behave as if it's running React 17. Learn more: https://reactjs.org/link/switch-to-createroot

      85 |
      86 |     beforeEach(() =>
    > 87 |         render(
         |         ^
      88 |             <DndProvider backend={HTML5Backend}>
      89 |                 <AdminList
      90 |                     adminMovies={adminMovies}

      at printWarning (node_modules/react-dom/cjs/react-dom.development.js:86:30)
      at error (node_modules/react-dom/cjs/react-dom.development.js:60:7)
      at Object.render (node_modules/react-dom/cjs/react-dom.development.js:29670:5)
      at node_modules/@testing-library/react/dist/pure.js:101:25
      at act (node_modules/react/cjs/react.development.js:2512:16)
      at render (node_modules/@testing-library/react/dist/pure.js:97:26)
      at Object.<anonymous> (src/tests/AdminList.test.tsx:87:9)

    console.error
      Warning: ReactDOM.render is no longer supported in React 18. Use createRoot instead. Until you switch to the new API, your app will behave as if it's running React 17. Learn more: https://reactjs.org/link/switch-to-createroot

      85 |
      86 |     beforeEach(() =>
    > 87 |         render(
         |         ^
      88 |             <DndProvider backend={HTML5Backend}>
      89 |                 <AdminList
      90 |                     adminMovies={adminMovies}

      at printWarning (node_modules/react-dom/cjs/react-dom.development.js:86:30)
      at error (node_modules/react-dom/cjs/react-dom.development.js:60:7)
      at Object.render (node_modules/react-dom/cjs/react-dom.development.js:29670:5)
      at node_modules/@testing-library/react/dist/pure.js:101:25
      at act (node_modules/react/cjs/react.development.js:2512:16)
      at render (node_modules/@testing-library/react/dist/pure.js:97:26)
      at Object.<anonymous> (src/tests/AdminList.test.tsx:87:9)

    console.error
      Warning: ReactDOM.render is no longer supported in React 18. Use createRoot instead. Until you switch to the new API, your app will behave as if it's running React 17. Learn more: https://reactjs.org/link/switch-to-createroot

      85 |
      86 |     beforeEach(() =>
    > 87 |         render(
         |         ^
      88 |             <DndProvider backend={HTML5Backend}>
      89 |                 <AdminList
      90 |                     adminMovies={adminMovies}

      at printWarning (node_modules/react-dom/cjs/react-dom.development.js:86:30)
      at error (node_modules/react-dom/cjs/react-dom.development.js:60:7)
      at Object.render (node_modules/react-dom/cjs/react-dom.development.js:29670:5)
      at node_modules/@testing-library/react/dist/pure.js:101:25
      at act (node_modules/react/cjs/react.development.js:2512:16)
      at render (node_modules/@testing-library/react/dist/pure.js:97:26)
      at Object.<anonymous> (src/tests/AdminList.test.tsx:87:9)

    console.error
      Warning: ReactDOM.render is no longer supported in React 18. Use createRoot instead. Until you switch to the new API, your app will behave as if it's running React 17. Learn more: https://reactjs.org/link/switch-to-createroot

      85 |
      86 |     beforeEach(() =>
    > 87 |         render(
         |         ^
      88 |             <DndProvider backend={HTML5Backend}>
      89 |                 <AdminList
      90 |                     adminMovies={adminMovies}

      at printWarning (node_modules/react-dom/cjs/react-dom.development.js:86:30)
      at error (node_modules/react-dom/cjs/react-dom.development.js:60:7)
      at Object.render (node_modules/react-dom/cjs/react-dom.development.js:29670:5)
      at node_modules/@testing-library/react/dist/pure.js:101:25
      at act (node_modules/react/cjs/react.development.js:2512:16)
      at render (node_modules/@testing-library/react/dist/pure.js:97:26)
      at Object.<anonymous> (src/tests/AdminList.test.tsx:87:9)

    console.error
      Warning: ReactDOM.render is no longer supported in React 18. Use createRoot instead. Until you switch to the new API, your app will behave as if it's running React 17. Learn more: https://reactjs.org/link/switch-to-createroot

      85 |
      86 |     beforeEach(() =>
    > 87 |         render(
         |         ^
      88 |             <DndProvider backend={HTML5Backend}>
      89 |                 <AdminList
      90 |                     adminMovies={adminMovies}

      at printWarning (node_modules/react-dom/cjs/react-dom.development.js:86:30)
      at error (node_modules/react-dom/cjs/react-dom.development.js:60:7)
      at Object.render (node_modules/react-dom/cjs/react-dom.development.js:29670:5)
      at node_modules/@testing-library/react/dist/pure.js:101:25
      at act (node_modules/react/cjs/react.development.js:2512:16)
      at render (node_modules/@testing-library/react/dist/pure.js:97:26)
      at Object.<anonymous> (src/tests/AdminList.test.tsx:87:9)

    console.error
      Warning: ReactDOM.render is no longer supported in React 18. Use createRoot instead. Until you switch to the new API, your app will behave as if it's running React 17. Learn more: https://reactjs.org/link/switch-to-createroot

      85 |
      86 |     beforeEach(() =>
    > 87 |         render(
         |         ^
      88 |             <DndProvider backend={HTML5Backend}>
      89 |                 <AdminList
      90 |                     adminMovies={adminMovies}

      at printWarning (node_modules/react-dom/cjs/react-dom.development.js:86:30)
      at error (node_modules/react-dom/cjs/react-dom.development.js:60:7)
      at Object.render (node_modules/react-dom/cjs/react-dom.development.js:29670:5)
      at node_modules/@testing-library/react/dist/pure.js:101:25
      at act (node_modules/react/cjs/react.development.js:2512:16)
      at render (node_modules/@testing-library/react/dist/pure.js:97:26)
      at Object.<anonymous> (src/tests/AdminList.test.tsx:87:9)

PASS src/tests/CentralItemList.test.tsx
  ● Console

    console.error
      Warning: ReactDOM.render is no longer supported in React 18. Use createRoot instead. Until you switch to the new API, your app will behave as if it's running React 17. Learn more: https://reactjs.org/link/switch-to-createroot

      66 |
      67 |     beforeEach(() =>
    > 68 |         render(
         |         ^
      69 |             <DndProvider backend={HTML5Backend}>
      70 |                 <CentralItemList
      71 |                     cilMovies={cilMovies}

      at printWarning (node_modules/react-dom/cjs/react-dom.development.js:86:30)
      at error (node_modules/react-dom/cjs/react-dom.development.js:60:7)
      at Object.render (node_modules/react-dom/cjs/react-dom.development.js:29670:5)
      at node_modules/@testing-library/react/dist/pure.js:101:25
      at act (node_modules/react/cjs/react.development.js:2512:16)
      at render (node_modules/@testing-library/react/dist/pure.js:97:26)
      at Object.<anonymous> (src/tests/CentralItemList.test.tsx:68:9)

    console.error
      Warning: ReactDOM.render is no longer supported in React 18. Use createRoot instead. Until you switch to the new API, your app will behave as if it's running React 17. Learn more: https://reactjs.org/link/switch-to-createroot

      66 |
      67 |     beforeEach(() =>
    > 68 |         render(
         |         ^
      69 |             <DndProvider backend={HTML5Backend}>
      70 |                 <CentralItemList
      71 |                     cilMovies={cilMovies}

      at printWarning (node_modules/react-dom/cjs/react-dom.development.js:86:30)
      at error (node_modules/react-dom/cjs/react-dom.development.js:60:7)
      at Object.render (node_modules/react-dom/cjs/react-dom.development.js:29670:5)
      at node_modules/@testing-library/react/dist/pure.js:101:25
      at act (node_modules/react/cjs/react.development.js:2512:16)
      at render (node_modules/@testing-library/react/dist/pure.js:97:26)
      at Object.<anonymous> (src/tests/CentralItemList.test.tsx:68:9)

    console.error
      Warning: ReactDOM.render is no longer supported in React 18. Use createRoot instead. Until you switch to the new API, your app will behave as if it's running React 17. Learn more: https://reactjs.org/link/switch-to-createroot

      66 |
      67 |     beforeEach(() =>
    > 68 |         render(
         |         ^
      69 |             <DndProvider backend={HTML5Backend}>
      70 |                 <CentralItemList
      71 |                     cilMovies={cilMovies}

      at printWarning (node_modules/react-dom/cjs/react-dom.development.js:86:30)
      at error (node_modules/react-dom/cjs/react-dom.development.js:60:7)
      at Object.render (node_modules/react-dom/cjs/react-dom.development.js:29670:5)
      at node_modules/@testing-library/react/dist/pure.js:101:25
      at act (node_modules/react/cjs/react.development.js:2512:16)
      at render (node_modules/@testing-library/react/dist/pure.js:97:26)
      at Object.<anonymous> (src/tests/CentralItemList.test.tsx:68:9)

    console.error
      Warning: ReactDOM.render is no longer supported in React 18. Use createRoot instead. Until you switch to the new API, your app will behave as if it's running React 17. Learn more: https://reactjs.org/link/switch-to-createroot

      66 |
      67 |     beforeEach(() =>
    > 68 |         render(
         |         ^
      69 |             <DndProvider backend={HTML5Backend}>
      70 |                 <CentralItemList
      71 |                     cilMovies={cilMovies}

      at printWarning (node_modules/react-dom/cjs/react-dom.development.js:86:30)
      at error (node_modules/react-dom/cjs/react-dom.development.js:60:7)
      at Object.render (node_modules/react-dom/cjs/react-dom.development.js:29670:5)
      at node_modules/@testing-library/react/dist/pure.js:101:25
      at act (node_modules/react/cjs/react.development.js:2512:16)
      at render (node_modules/@testing-library/react/dist/pure.js:97:26)
      at Object.<anonymous> (src/tests/CentralItemList.test.tsx:68:9)

PASS src/tests/SuperAddUser.test.tsx
  ● Console

    console.error
      Warning: ReactDOM.render is no longer supported in React 18. Use createRoot instead. Until you switch to the new API, your app will behave as if it's running React 17. Learn more: https://reactjs.org/link/switch-to-createroot

      46 |
      47 |     beforeEach(() =>
    > 48 |         render(
         |         ^
      49 |             <DndProvider backend={HTML5Backend}>
      50 |                 <SuperAddUser
      51 |                     users={users}

      at printWarning (node_modules/react-dom/cjs/react-dom.development.js:86:30)
      at error (node_modules/react-dom/cjs/react-dom.development.js:60:7)
      at Object.render (node_modules/react-dom/cjs/react-dom.development.js:29670:5)
      at node_modules/@testing-library/react/dist/pure.js:101:25
      at act (node_modules/react/cjs/react.development.js:2512:16)
      at render (node_modules/@testing-library/react/dist/pure.js:97:26)
      at Object.<anonymous> (src/tests/SuperAddUser.test.tsx:48:9)

    console.error
      Warning: ReactDOM.render is no longer supported in React 18. Use createRoot instead. Until you switch to the new API, your app will behave as if it's running React 17. Learn more: https://reactjs.org/link/switch-to-createroot

      46 |
      47 |     beforeEach(() =>
    > 48 |         render(
         |         ^
      49 |             <DndProvider backend={HTML5Backend}>
      50 |                 <SuperAddUser
      51 |                     users={users}

      at printWarning (node_modules/react-dom/cjs/react-dom.development.js:86:30)
      at error (node_modules/react-dom/cjs/react-dom.development.js:60:7)
      at Object.render (node_modules/react-dom/cjs/react-dom.development.js:29670:5)
      at node_modules/@testing-library/react/dist/pure.js:101:25
      at act (node_modules/react/cjs/react.development.js:2512:16)
      at render (node_modules/@testing-library/react/dist/pure.js:97:26)
      at Object.<anonymous> (src/tests/SuperAddUser.test.tsx:48:9)

    console.error
      Warning: ReactDOM.render is no longer supported in React 18. Use createRoot instead. Until you switch to the new API, your app will behave as if it's running React 17. Learn more: https://reactjs.org/link/switch-to-createroot

      46 |
      47 |     beforeEach(() =>
    > 48 |         render(
         |         ^
      49 |             <DndProvider backend={HTML5Backend}>
      50 |                 <SuperAddUser
      51 |                     users={users}

      at printWarning (node_modules/react-dom/cjs/react-dom.development.js:86:30)
      at error (node_modules/react-dom/cjs/react-dom.development.js:60:7)
      at Object.render (node_modules/react-dom/cjs/react-dom.development.js:29670:5)
      at node_modules/@testing-library/react/dist/pure.js:101:25
      at act (node_modules/react/cjs/react.development.js:2512:16)
      at render (node_modules/@testing-library/react/dist/pure.js:97:26)
      at Object.<anonymous> (src/tests/SuperAddUser.test.tsx:48:9)

    console.error
      Warning: ReactDOM.render is no longer supported in React 18. Use createRoot instead. Until you switch to the new API, your app will behave as if it's running React 17. Learn more: https://reactjs.org/link/switch-to-createroot

      46 |
      47 |     beforeEach(() =>
    > 48 |         render(
         |         ^
      49 |             <DndProvider backend={HTML5Backend}>
      50 |                 <SuperAddUser
      51 |                     users={users}

      at printWarning (node_modules/react-dom/cjs/react-dom.development.js:86:30)
      at error (node_modules/react-dom/cjs/react-dom.development.js:60:7)
      at Object.render (node_modules/react-dom/cjs/react-dom.development.js:29670:5)
      at node_modules/@testing-library/react/dist/pure.js:101:25
      at act (node_modules/react/cjs/react.development.js:2512:16)
      at render (node_modules/@testing-library/react/dist/pure.js:97:26)
      at Object.<anonymous> (src/tests/SuperAddUser.test.tsx:48:9)

    console.error
      Warning: ReactDOM.render is no longer supported in React 18. Use createRoot instead. Until you switch to the new API, your app will behave as if it's running React 17. Learn more: https://reactjs.org/link/switch-to-createroot

      46 |
      47 |     beforeEach(() =>
    > 48 |         render(
         |         ^
      49 |             <DndProvider backend={HTML5Backend}>
      50 |                 <SuperAddUser
      51 |                     users={users}

      at printWarning (node_modules/react-dom/cjs/react-dom.development.js:86:30)
      at error (node_modules/react-dom/cjs/react-dom.development.js:60:7)
      at Object.render (node_modules/react-dom/cjs/react-dom.development.js:29670:5)
      at node_modules/@testing-library/react/dist/pure.js:101:25
      at act (node_modules/react/cjs/react.development.js:2512:16)
      at render (node_modules/@testing-library/react/dist/pure.js:97:26)
      at Object.<anonymous> (src/tests/SuperAddUser.test.tsx:48:9)

    console.error
      Warning: ReactDOM.render is no longer supported in React 18. Use createRoot instead. Until you switch to the new API, your app will behave as if it's running React 17. Learn more: https://reactjs.org/link/switch-to-createroot

      46 |
      47 |     beforeEach(() =>
    > 48 |         render(
         |         ^
      49 |             <DndProvider backend={HTML5Backend}>
      50 |                 <SuperAddUser
      51 |                     users={users}

      at printWarning (node_modules/react-dom/cjs/react-dom.development.js:86:30)
      at error (node_modules/react-dom/cjs/react-dom.development.js:60:7)
      at Object.render (node_modules/react-dom/cjs/react-dom.development.js:29670:5)
      at node_modules/@testing-library/react/dist/pure.js:101:25
      at act (node_modules/react/cjs/react.development.js:2512:16)
      at render (node_modules/@testing-library/react/dist/pure.js:97:26)
      at Object.<anonymous> (src/tests/SuperAddUser.test.tsx:48:9)

PASS src/tests/UserList.test.tsx
  ● Console

    console.error
      Warning: ReactDOM.render is no longer supported in React 18. Use createRoot instead. Until you switch to the new API, your app will behave as if it's running React 17. Learn more: https://reactjs.org/link/switch-to-createroot

      48 |     const setUserListPairs = jest.fn();
      49 |     beforeEach(() =>
    > 50 |         render(
         |         ^
      51 |             <DndProvider backend={HTML5Backend}>
      52 |                 <UserList
      53 |                     userMovies={userMovies}

      at printWarning (node_modules/react-dom/cjs/react-dom.development.js:86:30)
      at error (node_modules/react-dom/cjs/react-dom.development.js:60:7)
      at Object.render (node_modules/react-dom/cjs/react-dom.development.js:29670:5)
      at node_modules/@testing-library/react/dist/pure.js:101:25
      at act (node_modules/react/cjs/react.development.js:2512:16)
      at render (node_modules/@testing-library/react/dist/pure.js:97:26)
      at Object.<anonymous> (src/tests/UserList.test.tsx:50:9)

    console.error
      Warning: ReactDOM.render is no longer supported in React 18. Use createRoot instead. Until you switch to the new API, your app will behave as if it's running React 17. Learn more: https://reactjs.org/link/switch-to-createroot

      48 |     const setUserListPairs = jest.fn();
      49 |     beforeEach(() =>
    > 50 |         render(
         |         ^
      51 |             <DndProvider backend={HTML5Backend}>
      52 |                 <UserList
      53 |                     userMovies={userMovies}

      at printWarning (node_modules/react-dom/cjs/react-dom.development.js:86:30)
      at error (node_modules/react-dom/cjs/react-dom.development.js:60:7)
      at Object.render (node_modules/react-dom/cjs/react-dom.development.js:29670:5)
      at node_modules/@testing-library/react/dist/pure.js:101:25
      at act (node_modules/react/cjs/react.development.js:2512:16)
      at render (node_modules/@testing-library/react/dist/pure.js:97:26)
      at Object.<anonymous> (src/tests/UserList.test.tsx:50:9)

    console.error
      Warning: ReactDOM.render is no longer supported in React 18. Use createRoot instead. Until you switch to the new API, your app will behave as if it's running React 17. Learn more: https://reactjs.org/link/switch-to-createroot

      48 |     const setUserListPairs = jest.fn();
      49 |     beforeEach(() =>
    > 50 |         render(
         |         ^
      51 |             <DndProvider backend={HTML5Backend}>
      52 |                 <UserList
      53 |                     userMovies={userMovies}

      at printWarning (node_modules/react-dom/cjs/react-dom.development.js:86:30)
      at error (node_modules/react-dom/cjs/react-dom.development.js:60:7)
      at Object.render (node_modules/react-dom/cjs/react-dom.development.js:29670:5)
      at node_modules/@testing-library/react/dist/pure.js:101:25
      at act (node_modules/react/cjs/react.development.js:2512:16)
      at render (node_modules/@testing-library/react/dist/pure.js:97:26)
      at Object.<anonymous> (src/tests/UserList.test.tsx:50:9)

    console.error
      Warning: ReactDOM.render is no longer supported in React 18. Use createRoot instead. Until you switch to the new API, your app will behave as if it's running React 17. Learn more: https://reactjs.org/link/switch-to-createroot

      48 |     const setUserListPairs = jest.fn();
      49 |     beforeEach(() =>
    > 50 |         render(
         |         ^
      51 |             <DndProvider backend={HTML5Backend}>
      52 |                 <UserList
      53 |                     userMovies={userMovies}

      at printWarning (node_modules/react-dom/cjs/react-dom.development.js:86:30)
      at error (node_modules/react-dom/cjs/react-dom.development.js:60:7)
      at Object.render (node_modules/react-dom/cjs/react-dom.development.js:29670:5)
      at node_modules/@testing-library/react/dist/pure.js:101:25
      at act (node_modules/react/cjs/react.development.js:2512:16)
      at render (node_modules/@testing-library/react/dist/pure.js:97:26)
      at Object.<anonymous> (src/tests/UserList.test.tsx:50:9)

    console.error
      Warning: ReactDOM.render is no longer supported in React 18. Use createRoot instead. Until you switch to the new API, your app will behave as if it's running React 17. Learn more: https://reactjs.org/link/switch-to-createroot

      48 |     const setUserListPairs = jest.fn();
      49 |     beforeEach(() =>
    > 50 |         render(
         |         ^
      51 |             <DndProvider backend={HTML5Backend}>
      52 |                 <UserList
      53 |                     userMovies={userMovies}

      at printWarning (node_modules/react-dom/cjs/react-dom.development.js:86:30)
      at error (node_modules/react-dom/cjs/react-dom.development.js:60:7)
      at Object.render (node_modules/react-dom/cjs/react-dom.development.js:29670:5)
      at node_modules/@testing-library/react/dist/pure.js:101:25
      at act (node_modules/react/cjs/react.development.js:2512:16)
      at render (node_modules/@testing-library/react/dist/pure.js:97:26)
      at Object.<anonymous> (src/tests/UserList.test.tsx:50:9)

    console.error
      Warning: ReactDOM.render is no longer supported in React 18. Use createRoot instead. Until you switch to the new API, your app will behave as if it's running React 17. Learn more: https://reactjs.org/link/switch-to-createroot

      48 |     const setUserListPairs = jest.fn();
      49 |     beforeEach(() =>
    > 50 |         render(
         |         ^
      51 |             <DndProvider backend={HTML5Backend}>
      52 |                 <UserList
      53 |                     userMovies={userMovies}

      at printWarning (node_modules/react-dom/cjs/react-dom.development.js:86:30)
      at error (node_modules/react-dom/cjs/react-dom.development.js:60:7)
      at Object.render (node_modules/react-dom/cjs/react-dom.development.js:29670:5)
      at node_modules/@testing-library/react/dist/pure.js:101:25
      at act (node_modules/react/cjs/react.development.js:2512:16)
      at render (node_modules/@testing-library/react/dist/pure.js:97:26)
      at Object.<anonymous> (src/tests/UserList.test.tsx:50:9)

PASS src/tests/SuperList.test.tsx
  ● Console

    console.error
      Warning: ReactDOM.render is no longer supported in React 18. Use createRoot instead. Until you switch to the new API, your app will behave as if it's running React 17. Learn more: https://reactjs.org/link/switch-to-createroot

      18 |
      19 |     beforeEach(() =>
    > 20 |         render(
         |         ^
      21 |             <DndProvider backend={HTML5Backend}>
      22 |                 <SuperList
      23 |                     superMovies={superMovies}

      at printWarning (node_modules/react-dom/cjs/react-dom.development.js:86:30)
      at error (node_modules/react-dom/cjs/react-dom.development.js:60:7)
      at Object.render (node_modules/react-dom/cjs/react-dom.development.js:29670:5)
      at node_modules/@testing-library/react/dist/pure.js:101:25
      at act (node_modules/react/cjs/react.development.js:2512:16)
      at render (node_modules/@testing-library/react/dist/pure.js:97:26)
      at Object.<anonymous> (src/tests/SuperList.test.tsx:20:9)

    console.error
      Warning: ReactDOM.render is no longer supported in React 18. Use createRoot instead. Until you switch to the new API, your app will behave as if it's running React 17. Learn more: https://reactjs.org/link/switch-to-createroot

      18 |
      19 |     beforeEach(() =>
    > 20 |         render(
         |         ^
      21 |             <DndProvider backend={HTML5Backend}>
      22 |                 <SuperList
      23 |                     superMovies={superMovies}

      at printWarning (node_modules/react-dom/cjs/react-dom.development.js:86:30)
      at error (node_modules/react-dom/cjs/react-dom.development.js:60:7)
      at Object.render (node_modules/react-dom/cjs/react-dom.development.js:29670:5)
      at node_modules/@testing-library/react/dist/pure.js:101:25
      at act (node_modules/react/cjs/react.development.js:2512:16)
      at render (node_modules/@testing-library/react/dist/pure.js:97:26)
      at Object.<anonymous> (src/tests/SuperList.test.tsx:20:9)

    console.error
      Warning: ReactDOM.render is no longer supported in React 18. Use createRoot instead. Until you switch to the new API, your app will behave as if it's running React 17. Learn more: https://reactjs.org/link/switch-to-createroot

      18 |
      19 |     beforeEach(() =>
    > 20 |         render(
         |         ^
      21 |             <DndProvider backend={HTML5Backend}>
      22 |                 <SuperList
      23 |                     superMovies={superMovies}

      at printWarning (node_modules/react-dom/cjs/react-dom.development.js:86:30)
      at error (node_modules/react-dom/cjs/react-dom.development.js:60:7)
      at Object.render (node_modules/react-dom/cjs/react-dom.development.js:29670:5)
      at node_modules/@testing-library/react/dist/pure.js:101:25
      at act (node_modules/react/cjs/react.development.js:2512:16)
      at render (node_modules/@testing-library/react/dist/pure.js:97:26)
      at Object.<anonymous> (src/tests/SuperList.test.tsx:20:9)

    console.log
      Star Wars: Episode 1 - The Phantom Menace

      at removeMovie (src/components/SuperList.tsx:16:17)

    console.log
      First Movie in Super List: Pride & Prejudice

      at removeMovie (src/components/SuperList.tsx:21:17)

    console.log
      First Movie in Updated Movies: Pride & Prejudice

      at removeMovie (src/components/SuperList.tsx:22:17)

    console.error
      Warning: ReactDOM.render is no longer supported in React 18. Use createRoot instead. Until you switch to the new API, your app will behave as if it's running React 17. Learn more: https://reactjs.org/link/switch-to-createroot

      18 |
      19 |     beforeEach(() =>
    > 20 |         render(
         |         ^
      21 |             <DndProvider backend={HTML5Backend}>
      22 |                 <SuperList
      23 |                     superMovies={superMovies}

      at printWarning (node_modules/react-dom/cjs/react-dom.development.js:86:30)
      at error (node_modules/react-dom/cjs/react-dom.development.js:60:7)
      at Object.render (node_modules/react-dom/cjs/react-dom.development.js:29670:5)
      at node_modules/@testing-library/react/dist/pure.js:101:25
      at act (node_modules/react/cjs/react.development.js:2512:16)
      at render (node_modules/@testing-library/react/dist/pure.js:97:26)
      at Object.<anonymous> (src/tests/SuperList.test.tsx:20:9)

    console.error
      Warning: ReactDOM.render is no longer supported in React 18. Use createRoot instead. Until you switch to the new API, your app will behave as if it's running React 17. Learn more: https://reactjs.org/link/switch-to-createroot

      18 |
      19 |     beforeEach(() =>
    > 20 |         render(
         |         ^
      21 |             <DndProvider backend={HTML5Backend}>
      22 |                 <SuperList
      23 |                     superMovies={superMovies}

      at printWarning (node_modules/react-dom/cjs/react-dom.development.js:86:30)
      at error (node_modules/react-dom/cjs/react-dom.development.js:60:7)
      at Object.render (node_modules/react-dom/cjs/react-dom.development.js:29670:5)
      at node_modules/@testing-library/react/dist/pure.js:101:25
      at act (node_modules/react/cjs/react.development.js:2512:16)
      at render (node_modules/@testing-library/react/dist/pure.js:97:26)
      at Object.<anonymous> (src/tests/SuperList.test.tsx:20:9)

    console.error
      Warning: ReactDOM.render is no longer supported in React 18. Use createRoot instead. Until you switch to the new API, your app will behave as if it's running React 17. Learn more: https://reactjs.org/link/switch-to-createroot

      18 |
      19 |     beforeEach(() =>
    > 20 |         render(
         |         ^
      21 |             <DndProvider backend={HTML5Backend}>
      22 |                 <SuperList
      23 |                     superMovies={superMovies}

      at printWarning (node_modules/react-dom/cjs/react-dom.development.js:86:30)
      at error (node_modules/react-dom/cjs/react-dom.development.js:60:7)
      at Object.render (node_modules/react-dom/cjs/react-dom.development.js:29670:5)
      at node_modules/@testing-library/react/dist/pure.js:101:25
      at act (node_modules/react/cjs/react.development.js:2512:16)
      at render (node_modules/@testing-library/react/dist/pure.js:97:26)
      at Object.<anonymous> (src/tests/SuperList.test.tsx:20:9)

    console.error
      Warning: ReactDOM.render is no longer supported in React 18. Use createRoot instead. Until you switch to the new API, your app will behave as if it's running React 17. Learn more: https://reactjs.org/link/switch-to-createroot

      18 |
      19 |     beforeEach(() =>
    > 20 |         render(
         |         ^
      21 |             <DndProvider backend={HTML5Backend}>
      22 |                 <SuperList
      23 |                     superMovies={superMovies}

      at printWarning (node_modules/react-dom/cjs/react-dom.development.js:86:30)
      at error (node_modules/react-dom/cjs/react-dom.development.js:60:7)
      at Object.render (node_modules/react-dom/cjs/react-dom.development.js:29670:5)
      at node_modules/@testing-library/react/dist/pure.js:101:25
      at act (node_modules/react/cjs/react.development.js:2512:16)
      at render (node_modules/@testing-library/react/dist/pure.js:97:26)
      at Object.<anonymous> (src/tests/SuperList.test.tsx:20:9)

    console.error
      Warning: ReactDOM.render is no longer supported in React 18. Use createRoot instead. Until you switch to the new API, your app will behave as if it's running React 17. Learn more: https://reactjs.org/link/switch-to-createroot

      18 |
      19 |     beforeEach(() =>
    > 20 |         render(
         |         ^
      21 |             <DndProvider backend={HTML5Backend}>
      22 |                 <SuperList
      23 |                     superMovies={superMovies}

      at printWarning (node_modules/react-dom/cjs/react-dom.development.js:86:30)
      at error (node_modules/react-dom/cjs/react-dom.development.js:60:7)
      at Object.render (node_modules/react-dom/cjs/react-dom.development.js:29670:5)
      at node_modules/@testing-library/react/dist/pure.js:101:25
      at act (node_modules/react/cjs/react.development.js:2512:16)
      at render (node_modules/@testing-library/react/dist/pure.js:97:26)
      at Object.<anonymous> (src/tests/SuperList.test.tsx:20:9)

PASS src/tests/UserSelect.test.tsx
  ● Console

    console.error
      Warning: ReactDOM.render is no longer supported in React 18. Use createRoot instead. Until you switch to the new API, your app will behave as if it's running React 17. Learn more: https://reactjs.org/link/switch-to-createroot

      45 |
      46 |     beforeEach(() =>
    > 47 |         render(
         |         ^
      48 |             <UserSelect
      49 |                 users={users}
      50 |                 setUserMovies={setUserMovies}

      at printWarning (node_modules/react-dom/cjs/react-dom.development.js:86:30)
      at error (node_modules/react-dom/cjs/react-dom.development.js:60:7)
      at Object.render (node_modules/react-dom/cjs/react-dom.development.js:29670:5)
      at node_modules/@testing-library/react/dist/pure.js:101:25
      at act (node_modules/react/cjs/react.development.js:2512:16)
      at render (node_modules/@testing-library/react/dist/pure.js:97:26)
      at Object.<anonymous> (src/tests/UserSelect.test.tsx:47:9)

    console.error
      Warning: ReactDOM.render is no longer supported in React 18. Use createRoot instead. Until you switch to the new API, your app will behave as if it's running React 17. Learn more: https://reactjs.org/link/switch-to-createroot

      45 |
      46 |     beforeEach(() =>
    > 47 |         render(
         |         ^
      48 |             <UserSelect
      49 |                 users={users}
      50 |                 setUserMovies={setUserMovies}

      at printWarning (node_modules/react-dom/cjs/react-dom.development.js:86:30)
      at error (node_modules/react-dom/cjs/react-dom.development.js:60:7)
      at Object.render (node_modules/react-dom/cjs/react-dom.development.js:29670:5)
      at node_modules/@testing-library/react/dist/pure.js:101:25
      at act (node_modules/react/cjs/react.development.js:2512:16)
      at render (node_modules/@testing-library/react/dist/pure.js:97:26)
      at Object.<anonymous> (src/tests/UserSelect.test.tsx:47:9)

    console.error
      Warning: ReactDOM.render is no longer supported in React 18. Use createRoot instead. Until you switch to the new API, your app will behave as if it's running React 17. Learn more: https://reactjs.org/link/switch-to-createroot

      45 |
      46 |     beforeEach(() =>
    > 47 |         render(
         |         ^
      48 |             <UserSelect
      49 |                 users={users}
      50 |                 setUserMovies={setUserMovies}

      at printWarning (node_modules/react-dom/cjs/react-dom.development.js:86:30)
      at error (node_modules/react-dom/cjs/react-dom.development.js:60:7)
      at Object.render (node_modules/react-dom/cjs/react-dom.development.js:29670:5)
      at node_modules/@testing-library/react/dist/pure.js:101:25
      at act (node_modules/react/cjs/react.development.js:2512:16)
      at render (node_modules/@testing-library/react/dist/pure.js:97:26)
      at Object.<anonymous> (src/tests/UserSelect.test.tsx:47:9)

    console.error
      Warning: ReactDOM.render is no longer supported in React 18. Use createRoot instead. Until you switch to the new API, your app will behave as if it's running React 17. Learn more: https://reactjs.org/link/switch-to-createroot

      45 |
      46 |     beforeEach(() =>
    > 47 |         render(
         |         ^
      48 |             <UserSelect
      49 |                 users={users}
      50 |                 setUserMovies={setUserMovies}

      at printWarning (node_modules/react-dom/cjs/react-dom.development.js:86:30)
      at error (node_modules/react-dom/cjs/react-dom.development.js:60:7)
      at Object.render (node_modules/react-dom/cjs/react-dom.development.js:29670:5)
      at node_modules/@testing-library/react/dist/pure.js:101:25
      at act (node_modules/react/cjs/react.development.js:2512:16)
      at render (node_modules/@testing-library/react/dist/pure.js:97:26)
      at Object.<anonymous> (src/tests/UserSelect.test.tsx:47:9)

    console.log
      []

      at setCurrentUser (src/components/UserSelect.tsx:27:21)

    console.log
      []

      at setCurrentUser (src/components/UserSelect.tsx:27:21)

    console.error
      Warning: ReactDOM.render is no longer supported in React 18. Use createRoot instead. Until you switch to the new API, your app will behave as if it's running React 17. Learn more: https://reactjs.org/link/switch-to-createroot

      45 |
      46 |     beforeEach(() =>
    > 47 |         render(
         |         ^
      48 |             <UserSelect
      49 |                 users={users}
      50 |                 setUserMovies={setUserMovies}

      at printWarning (node_modules/react-dom/cjs/react-dom.development.js:86:30)
      at error (node_modules/react-dom/cjs/react-dom.development.js:60:7)
      at Object.render (node_modules/react-dom/cjs/react-dom.development.js:29670:5)
      at node_modules/@testing-library/react/dist/pure.js:101:25
      at act (node_modules/react/cjs/react.development.js:2512:16)
      at render (node_modules/@testing-library/react/dist/pure.js:97:26)
      at Object.<anonymous> (src/tests/UserSelect.test.tsx:47:9)

    console.log
      []

      at setCurrentUser (src/components/UserSelect.tsx:27:21)

PASS src/tests/moviePoster.test.tsx
  ● Console

    console.error
      Warning: ReactDOM.render is no longer supported in React 18. Use createRoot instead. Until you switch to the new API, your app will behave as if it's running React 17. Learn more: https://reactjs.org/link/switch-to-createroot

      20 |
      21 |     beforeEach(() => {
    > 22 |         render(
         |         ^
      23 |             <DndProvider backend={HTML5Backend}>
      24 |                 <ShowMovieDetails movie={movie}></ShowMovieDetails>
      25 |             </DndProvider>

      at printWarning (node_modules/react-dom/cjs/react-dom.development.js:86:30)
      at error (node_modules/react-dom/cjs/react-dom.development.js:60:7)
      at Object.render (node_modules/react-dom/cjs/react-dom.development.js:29670:5)
      at node_modules/@testing-library/react/dist/pure.js:101:25
      at act (node_modules/react/cjs/react.development.js:2512:16)
      at render (node_modules/@testing-library/react/dist/pure.js:97:26)
      at Object.<anonymous> (src/tests/moviePoster.test.tsx:22:9)

PASS src/tests/App.test.tsx
  ● Console

    console.error
      Warning: ReactDOM.render is no longer supported in React 18. Use createRoot instead. Until you switch to the new API, your app will behave as if it's running React 17. Learn more: https://reactjs.org/link/switch-to-createroot

      4 |
      5 | test("renders the course name somewhere", () => {
    > 6 |     render(<App />);
        |     ^
      7 |     const linkElement = screen.getByText(/MOVIE MASH/i);
      8 |     expect(linkElement).toBeInTheDocument();
      9 | });

      at printWarning (node_modules/react-dom/cjs/react-dom.development.js:86:30)
      at error (node_modules/react-dom/cjs/react-dom.development.js:60:7)
      at Object.render (node_modules/react-dom/cjs/react-dom.development.js:29670:5)
      at node_modules/@testing-library/react/dist/pure.js:101:25
      at act (node_modules/react/cjs/react.development.js:2512:16)
      at render (node_modules/@testing-library/react/dist/pure.js:97:26)
      at Object.<anonymous> (src/tests/App.test.tsx:6:5)

----------------------|---------|----------|---------|---------|-------------------------------
File                  | % Stmts | % Branch | % Funcs | % Lines | Uncovered Line #s             
----------------------|---------|----------|---------|---------|-------------------------------
All files             |    42.5 |    20.73 |   28.57 |    42.9 |                               
 src                  |     100 |       75 |     100 |     100 |                               
  App.tsx             |     100 |       75 |     100 |     100 | 128,148                       
 src/components       |      40 |    14.86 |   27.13 |   40.38 |                               
  AdminList.tsx       |   39.68 |     7.14 |   23.07 |   40.32 | 21-29,34,76-119,248-336       
  CentralItemList.tsx |   53.84 |    55.55 |   46.66 |   53.84 | 19-30,69-101,122              
  SuperAddUser.tsx    |   22.72 |        0 |   18.18 |   22.72 | 20-42,54-90                   
  SuperList.tsx       |    45.2 |       10 |   22.85 |   45.71 | 70-95,101-137,213-295,378-473 
  UserList.tsx        |   22.38 |     6.66 |   16.66 |   22.72 | 43-166,172,251,377-415        
  UserSelect.tsx      |     100 |      100 |     100 |     100 |                               
  moviePoster.tsx     |     100 |      100 |     100 |     100 |                               
 src/data             |      50 |      100 |      50 |      50 |                               
  MovieList.tsx       |       0 |      100 |       0 |       0 | 4-5                           
  UsersList.tsx       |     100 |      100 |     100 |     100 |                               
 src/interfaces       |     100 |      100 |     100 |     100 |                               
  MovieTypes.tsx      |     100 |      100 |     100 |     100 |                               
  UserListPair.tsx    |     100 |      100 |     100 |     100 |                               
  movie.ts            |       0 |        0 |       0 |       0 |                               
  user.ts             |       0 |        0 |       0 |       0 |                               
----------------------|---------|----------|---------|---------|-------------------------------

Test Suites: 8 passed, 8 total
Tests:       37 passed, 37 total
Snapshots:   0 total
Time:        9.04 s
Ran all test suites.
